
R version 3.1.1 Patched (2014-08-21 r66456) -- "Sock it to Me"
Copyright (C) 2014 The R Foundation for Statistical Computing
Platform: x86_64-w64-mingw32/x64 (64-bit)

R is free software and comes with ABSOLUTELY NO WARRANTY.
You are welcome to redistribute it under certain conditions.
Type 'license()' or 'licence()' for distribution details.

  Natural language support but running in an English locale

R is a collaborative project with many contributors.
Type 'contributors()' for more information and
'citation()' on how to cite R or R packages in publications.

Type 'demo()' for some demos, 'help()' for on-line help, or
'help.start()' for an HTML browser interface to help.
Type 'q()' to quit R.

Hello from .Rprofile
> #! /usr/bin/Rscript --vanilla --default-packages=utils,stats,methods,svUnit
> pkg <- "sqldf"
> require(svUnit)  # Needed if run from R CMD BATCH
Loading required package: svUnit
> require(pkg, character.only = TRUE)  # Needed if run from R CMD BATCH
Loading required package: sqldf
Loading required package: gsubfn
Loading required package: proto
Loading required package: RSQLite
Loading required package: DBI
Loading required package: RSQLite.extfuns
> # unlink("mypkgTest.txt")  # Make sure we generate a new report
> mypkgSuite <- svSuiteList(pkg, excludeList = NULL)  # List all our test suites
> runTest(mypkgSuite, name = "svUnit")  # Run them...
using driver: sqlite 
* : .runTest(envir = .ThisTestSuiteEnv, test = test, unit = Unit) ... **ERROR**
Error in if (.allows_extensions(db)) { : 
  missing value where TRUE/FALSE needed
> # protocol(Log(), type = "text", file = "mypkgTest.txt")  # ... and write report
> Log()
= A svUnit test suite run in less than 0.1 sec with:

* test.all ... **ERROR**


== test.all (in runit.all.R) run in less than 0.1 sec: **ERROR**

//Pass: 0 Fail: 0 Errors: 1//

* : .runTest(envir = .ThisTestSuiteEnv, test = test, unit = Unit) ... **ERROR**
Error in if (.allows_extensions(db)) { : 
  missing value where TRUE/FALSE needed
> 
> 
> proc.time()
   user  system elapsed 
   2.65    0.23    2.93 
